// Jest Snapshot v1, https://goo.gl/fbAQLP

exports[`pruebas en Entry component debe de hacer match con el snapshop 1`] = `
<div class="entry-container mb-3 pointer p-2">
  <div class="entry-title d-flex"><span class="text-sucess fs-5 fw-blod">17</span><span class="mx-1 fs-5">Enero</span><span class="mx-2 fw-light">2023, Martes</span></div>
  <div class="entry-description">Elefantemod</div>
</div>
`;
